// Jest Snapshot v1, https://goo.gl/fbAQLP

exports[`AddTodoScreen renders correctly 1`] = `
<View
  style={
    {
      "margin": 16,
    }
  }
>
  <TextInput
    onChangeText={[Function]}
    placeholder="Add Todo"
    style={
      {
        "borderColor": "#1e90ff",
        "borderRadius": 10,
        "borderStyle": "solid",
        "borderWidth": 2,
        "fontSize": 16,
        "marginBottom": 10,
        "padding": 16,
      }
    }
    value=""
  />
  <View
    style={
      {
        "alignItems": "center",
        "flexDirection": "row",
      }
    }
  >
    <TextInput
      editable={false}
      placeholder="Set date (optional)"
      style={
        {
          "borderColor": "#1e90ff",
          "borderRadius": 10,
          "borderStyle": "solid",
          "borderWidth": 2,
          "flex": 1,
          "fontSize": 16,
          "marginBottom": 10,
          "padding": 16,
        }
      }
      value=""
    />
    <View
      accessibilityState={
        {
          "busy": undefined,
          "checked": undefined,
          "disabled": undefined,
          "expanded": undefined,
          "selected": undefined,
        }
      }
      accessibilityValue={
        {
          "max": undefined,
          "min": undefined,
          "now": undefined,
          "text": undefined,
        }
      }
      accessible={true}
      collapsable={false}
      focusable={true}
      onClick={[Function]}
      onResponderGrant={[Function]}
      onResponderMove={[Function]}
      onResponderRelease={[Function]}
      onResponderTerminate={[Function]}
      onResponderTerminationRequest={[Function]}
      onStartShouldSetResponder={[Function]}
      style={
        {
          "opacity": 1,
        }
      }
    >
      <Text />
    </View>
  </View>
  <View
    style={
      {
        "alignItems": "center",
        "flexDirection": "row",
      }
    }
  >
    <TextInput
      editable={false}
      placeholder="Set time (optional)"
      style={
        {
          "borderColor": "#1e90ff",
          "borderRadius": 10,
          "borderStyle": "solid",
          "borderWidth": 2,
          "flex": 1,
          "fontSize": 16,
          "marginBottom": 10,
          "padding": 16,
        }
      }
      value=""
    />
    <View
      accessibilityState={
        {
          "busy": undefined,
          "checked": undefined,
          "disabled": undefined,
          "expanded": undefined,
          "selected": undefined,
        }
      }
      accessibilityValue={
        {
          "max": undefined,
          "min": undefined,
          "now": undefined,
          "text": undefined,
        }
      }
      accessible={true}
      collapsable={false}
      focusable={true}
      onClick={[Function]}
      onResponderGrant={[Function]}
      onResponderMove={[Function]}
      onResponderRelease={[Function]}
      onResponderTerminate={[Function]}
      onResponderTerminationRequest={[Function]}
      onStartShouldSetResponder={[Function]}
      style={
        {
          "opacity": 1,
        }
      }
    >
      <Text />
    </View>
  </View>
  <View
    accessibilityState={
      {
        "busy": undefined,
        "checked": undefined,
        "disabled": undefined,
        "expanded": undefined,
        "selected": undefined,
      }
    }
    accessibilityValue={
      {
        "max": undefined,
        "min": undefined,
        "now": undefined,
        "text": undefined,
      }
    }
    accessible={true}
    collapsable={false}
    focusable={true}
    onClick={[Function]}
    onResponderGrant={[Function]}
    onResponderMove={[Function]}
    onResponderRelease={[Function]}
    onResponderTerminate={[Function]}
    onResponderTerminationRequest={[Function]}
    onStartShouldSetResponder={[Function]}
    style={
      {
        "alignItems": "center",
        "backgroundColor": "#1e90ff",
        "borderRadius": 6,
        "marginVertical": 10,
        "opacity": 1,
        "paddingVertical": 12,
        "shadowColor": "#000",
        "shadowOffset": {
          "height": 2,
          "width": 0,
        },
        "shadowOpacity": 0.8,
        "shadowRadius": 3,
      }
    }
  >
    <Text
      style={
        {
          "color": "#fff",
          "fontSize": 20,
          "fontWeight": "bold",
        }
      }
    >
      Add
    </Text>
  </View>
</View>
`;
