// Jest Snapshot v1, https://goo.gl/fbAQLP

exports[`<TaskItem /> renders correctly 1`] = `
<View
  style={
    {
      "alignItems": "center",
      "backgroundColor": "#1e90ff",
      "borderRadius": 10,
      "flexDirection": "row",
      "marginBottom": 12,
      "marginHorizontal": 10,
      "paddingHorizontal": 10,
      "paddingVertical": 8,
      "shadowColor": "#000",
      "shadowOffset": {
        "height": 2,
        "width": 0,
      },
      "shadowOpacity": 0.8,
      "shadowRadius": 3,
    }
  }
>
  <View
    style={
      {
        "flex": 1,
      }
    }
  >
    <Text
      style={
        {
          "color": "#fff",
          "fontSize": 20,
          "fontWeight": "800",
        }
      }
    >
      Sample Task
    </Text>
    <View
      style={
        {
          "alignItems": "flex-start",
          "flexDirection": "column",
        }
      }
    >
      <Text
        style={
          {
            "color": "#fff",
            "fontSize": 10,
            "fontWeight": "800",
          }
        }
      >
        01/04/2024
      </Text>
      <Text
        style={
          {
            "color": "#fff",
            "fontSize": 10,
            "fontWeight": "800",
          }
        }
      >
        01:30 PM
      </Text>
    </View>
  </View>
  <View
    collapsable={false}
    style={
      {
        "backgroundColor": "transparent",
        "borderRadius": 20,
        "height": 40,
        "margin": 6,
        "shadowColor": "#000",
        "shadowOffset": {
          "height": 0,
          "width": 0,
        },
        "shadowOpacity": 0,
        "shadowRadius": 0,
        "width": 40,
      }
    }
    testID="icon-button-container-outer-layer"
  >
    <View
      collapsable={false}
      style={
        {
          "backgroundColor": "transparent",
          "borderColor": "rgba(121, 116, 126, 1)",
          "borderRadius": 20,
          "borderWidth": 0,
          "elevation": 0,
          "flex": 1,
          "overflow": "hidden",
          "shadowColor": "#000",
          "shadowOffset": {
            "height": 0,
            "width": 0,
          },
          "shadowOpacity": 0,
          "shadowRadius": 0,
        }
      }
      testID="icon-button-container"
    >
      <View
        accessibilityComponentType="button"
        accessibilityRole="button"
        accessibilityState={
          {
            "busy": undefined,
            "checked": undefined,
            "disabled": false,
            "expanded": undefined,
            "selected": undefined,
          }
        }
        accessibilityTraits="button"
        accessibilityValue={
          {
            "max": undefined,
            "min": undefined,
            "now": undefined,
            "text": undefined,
          }
        }
        accessible={true}
        centered={true}
        collapsable={false}
        color="#fff"
        focusable={true}
        hitSlop={
          {
            "bottom": 6,
            "left": 6,
            "right": 6,
            "top": 6,
          }
        }
        onBlur={[Function]}
        onClick={[Function]}
        onFocus={[Function]}
        onResponderGrant={[Function]}
        onResponderMove={[Function]}
        onResponderRelease={[Function]}
        onResponderTerminate={[Function]}
        onResponderTerminationRequest={[Function]}
        onStartShouldSetResponder={[Function]}
        style={
          [
            {
              "overflow": "hidden",
            },
            [
              {
                "alignItems": "center",
                "flexGrow": 1,
                "justifyContent": "center",
              },
              {
                "borderRadius": 20,
              },
            ],
          ]
        }
        testID="icon-button"
      >
        <Text />
      </View>
    </View>
  </View>
  <View
    collapsable={false}
    style={
      {
        "backgroundColor": "transparent",
        "borderRadius": 20,
        "height": 40,
        "margin": 6,
        "shadowColor": "#000",
        "shadowOffset": {
          "height": 0,
          "width": 0,
        },
        "shadowOpacity": 0,
        "shadowRadius": 0,
        "width": 40,
      }
    }
    testID="icon-button-container-outer-layer"
  >
    <View
      collapsable={false}
      style={
        {
          "backgroundColor": "transparent",
          "borderColor": "rgba(121, 116, 126, 1)",
          "borderRadius": 20,
          "borderWidth": 0,
          "elevation": 0,
          "flex": 1,
          "overflow": "hidden",
          "shadowColor": "#000",
          "shadowOffset": {
            "height": 0,
            "width": 0,
          },
          "shadowOpacity": 0,
          "shadowRadius": 0,
        }
      }
      testID="icon-button-container"
    >
      <View
        accessibilityComponentType="button"
        accessibilityRole="button"
        accessibilityState={
          {
            "busy": undefined,
            "checked": undefined,
            "disabled": false,
            "expanded": undefined,
            "selected": undefined,
          }
        }
        accessibilityTraits="button"
        accessibilityValue={
          {
            "max": undefined,
            "min": undefined,
            "now": undefined,
            "text": undefined,
          }
        }
        accessible={true}
        centered={true}
        collapsable={false}
        color="#fff"
        focusable={true}
        hitSlop={
          {
            "bottom": 6,
            "left": 6,
            "right": 6,
            "top": 6,
          }
        }
        onBlur={[Function]}
        onClick={[Function]}
        onFocus={[Function]}
        onResponderGrant={[Function]}
        onResponderMove={[Function]}
        onResponderRelease={[Function]}
        onResponderTerminate={[Function]}
        onResponderTerminationRequest={[Function]}
        onStartShouldSetResponder={[Function]}
        style={
          [
            {
              "overflow": "hidden",
            },
            [
              {
                "alignItems": "center",
                "flexGrow": 1,
                "justifyContent": "center",
              },
              {
                "borderRadius": 20,
              },
            ],
          ]
        }
        testID="icon-button"
      >
        <Text />
      </View>
    </View>
  </View>
  <View
    collapsable={false}
    style={
      {
        "backgroundColor": "transparent",
        "borderRadius": 20,
        "height": 40,
        "margin": 6,
        "shadowColor": "#000",
        "shadowOffset": {
          "height": 0,
          "width": 0,
        },
        "shadowOpacity": 0,
        "shadowRadius": 0,
        "width": 40,
      }
    }
    testID="icon-button-container-outer-layer"
  >
    <View
      collapsable={false}
      style={
        {
          "backgroundColor": "transparent",
          "borderColor": "rgba(121, 116, 126, 1)",
          "borderRadius": 20,
          "borderWidth": 0,
          "elevation": 0,
          "flex": 1,
          "overflow": "hidden",
          "shadowColor": "#000",
          "shadowOffset": {
            "height": 0,
            "width": 0,
          },
          "shadowOpacity": 0,
          "shadowRadius": 0,
        }
      }
      testID="icon-button-container"
    >
      <View
        accessibilityComponentType="button"
        accessibilityRole="button"
        accessibilityState={
          {
            "busy": undefined,
            "checked": undefined,
            "disabled": false,
            "expanded": undefined,
            "selected": undefined,
          }
        }
        accessibilityTraits="button"
        accessibilityValue={
          {
            "max": undefined,
            "min": undefined,
            "now": undefined,
            "text": undefined,
          }
        }
        accessible={true}
        centered={true}
        collapsable={false}
        color="#fff"
        focusable={true}
        hitSlop={
          {
            "bottom": 6,
            "left": 6,
            "right": 6,
            "top": 6,
          }
        }
        onBlur={[Function]}
        onClick={[Function]}
        onFocus={[Function]}
        onResponderGrant={[Function]}
        onResponderMove={[Function]}
        onResponderRelease={[Function]}
        onResponderTerminate={[Function]}
        onResponderTerminationRequest={[Function]}
        onStartShouldSetResponder={[Function]}
        style={
          [
            {
              "overflow": "hidden",
            },
            [
              {
                "alignItems": "center",
                "flexGrow": 1,
                "justifyContent": "center",
              },
              {
                "borderRadius": 20,
              },
            ],
          ]
        }
        testID="icon-button"
      >
        <Text />
      </View>
    </View>
  </View>
</View>
`;
